[20131216003349_six-dog.com_pg112.html.html] day=28 : OPEN/START行が見つからずスキップ
[20150223145845_www.six-dog.com_80_pg113.html.html] 不正な日付 2015-02-29 をスキップ
[20150223145845_www.six-dog.com_80_pg113.html.html] 不正な日付 2015-02-30 をスキップ
[20150124090334_www.six-dog.com_80_pg181.html.html] day=10 : OPEN/START行が見つからずスキップ
[20150124090334_www.six-dog.com_80_pg181.html.html] day=25 : OPEN/START行が見つからずスキップ
[20150224015205_www.six-dog.com_80_pg181.html.html] day=10 : OPEN/START行が見つからずスキップ
[20150224015205_www.six-dog.com_80_pg181.html.html] day=25 : OPEN/START行が見つからずスキップ
[20150224015205_www.six-dog.com_80_pg181.html.html] 不正な日付 2015-02-29 をスキップ
[20150224015205_www.six-dog.com_80_pg181.html.html] 不正な日付 2015-02-30 をスキップ
[20150224015205_www.six-dog.com_80_pg181.html.html] 不正な日付 2015-02-31 をスキップ
[20150224015209_www.six-dog.com_80_pg182.html.html] 不正な日付 2015-02-29 をスキップ
[20150224015209_www.six-dog.com_80_pg182.html.html] 不正な日付 2015-02-30 をスキップ
[20150224015209_www.six-dog.com_80_pg182.html.html] 不正な日付 2015-02-31 をスキップ
[20150224015215_www.six-dog.com_80_pg183.html.html] 不正な日付 2015-02-29 をスキップ
[20150224015215_www.six-dog.com_80_pg183.html.html] 不正な日付 2015-02-30 をスキップ
[20150224015219_www.six-dog.com_80_pg184.html.html] 不正な日付 2015-02-29 をスキップ
[20150224015219_www.six-dog.com_80_pg184.html.html] 不正な日付 2015-02-30 をスキップ
[20150224015219_www.six-dog.com_80_pg184.html.html] 不正な日付 2015-02-31 をスキップ
[20150224015224_www.six-dog.com_80_pg185.html.html] 不正な日付 2015-02-29 をスキップ
[20150224015224_www.six-dog.com_80_pg185.html.html] 不正な日付 2015-02-30 をスキップ
[20150224015224_www.six-dog.com_80_pg185.html.html] 不正な日付 2015-02-31 をスキップ
[20150124090359_www.six-dog.com_80_pg186.html.html] day=21 : OPEN/START行が見つからずスキップ
[20150224015230_www.six-dog.com_80_pg186.html.html] day=21 : OPEN/START行が見つからずスキップ
[20150224015230_www.six-dog.com_80_pg186.html.html] 不正な日付 2015-02-29 をスキップ
[20150224015230_www.six-dog.com_80_pg186.html.html] 不正な日付 2015-02-30 をスキップ
[20150719132007_www.six-dog.com_80_pg186.html.html] day=21 : OPEN/START行が見つからずスキップ
[20150901194732_www.six-dog.com_80_pg186.html.html] day=21 : OPEN/START行が見つからずスキップ
[20150224015235_www.six-dog.com_80_pg187.html.html] 不正な日付 2015-02-29 をスキップ
[20150224015235_www.six-dog.com_80_pg187.html.html] 不正な日付 2015-02-30 をスキップ
[20150224015235_www.six-dog.com_80_pg187.html.html] 不正な日付 2015-02-31 をスキップ
[20150224015240_www.six-dog.com_80_pg188.html.html] 不正な日付 2015-02-29 をスキップ
[20150224015240_www.six-dog.com_80_pg188.html.html] 不正な日付 2015-02-30 をスキップ
[20150224015245_www.six-dog.com_80_pg189.html.html] 不正な日付 2015-02-29 をスキップ
[20150224015245_www.six-dog.com_80_pg189.html.html] 不正な日付 2015-02-30 をスキップ
[20150224015245_www.six-dog.com_80_pg189.html.html] 不正な日付 2015-02-31 をスキップ
[20150224004333_www.six-dog.com_80_pg190.html.html] 不正な日付 2015-02-29 をスキップ
[20150224004333_www.six-dog.com_80_pg190.html.html] 不正な日付 2015-02-30 をスキップ
[20150224004333_www.six-dog.com_80_pg190.html.html] 不正な日付 2015-02-31 をスキップ
[20150223145840_www.six-dog.com_80_pg191.html.html] day=12 : OPEN/START行が見つからずスキップ
[20150326055845_www.six-dog.com_80_pg191.html.html] day=12 : OPEN/START行が見つからずスキップ
[20150425173426_www.six-dog.com_80_pg191.html.html] day=12 : OPEN/START行が見つからずスキップ
[20150526055943_www.six-dog.com_80_pg191.html.html] day=12 : OPEN/START行が見つからずスキップ
[20150626072649_www.six-dog.com_80_pg191.html.html] day=12 : OPEN/START行が見つからずスキップ
[20150625063134_www.six-dog.com_80_pg199.html.html] 不正な日付 2015-06-31 をスキップ
[20150901194656_www.six-dog.com_80_pg212.html.html] 不正な日付 2015-09-31 をスキップ
[20151011080331_www.six-dog.com_80_pg213.html.html] day=21 : OPEN/START行が見つからずスキップ
[20151110011953_www.six-dog.com_80_pg214.html.html] 不正な日付 2015-11-31 をスキップ
[20160207090517_six-dog.com_pg215.html.html] 不正な日付 2016-02-30 をスキップ
[20160207090517_six-dog.com_pg215.html.html] 不正な日付 2016-02-31 をスキップ
[20110920144844_six-dog.com_80_pg23.html.html] day=27 : OPEN/START行が見つからずスキップ
